TimeQuest Timing Analyzer report for portable_coleco
Sun Mar 24 09:47:19 2024
Quartus II 64-Bit Version 13.0.1 Build 232 06/12/2013 Service Pack 1 SJ Web Edition


---------------------
; Table of Contents ;
---------------------
  1. Legal Notice
  2. TimeQuest Timing Analyzer Summary
  3. Parallel Compilation
  4. SDC File List
  5. Clocks
  6. Fmax Summary
  7. Setup Summary
  8. Hold Summary
  9. Recovery Summary
 10. Removal Summary
 11. Minimum Pulse Width Summary
 12. Setup: 'ntsc_clock'
 13. Hold: 'ntsc_clock'
 14. Minimum Pulse Width: 'ntsc_clock'
 15. Setup Times
 16. Hold Times
 17. Clock to Output Times
 18. Minimum Clock to Output Times
 19. Propagation Delay
 20. Minimum Propagation Delay
 21. Setup Transfers
 22. Hold Transfers
 23. Report TCCS
 24. Report RSKM
 25. Unconstrained Paths
 26. TimeQuest Timing Analyzer Messages



----------------
; Legal Notice ;
----------------
Copyright (C) 1991-2013 Altera Corporation
Your use of Altera Corporation's design tools, logic functions 
and other software and tools, and its AMPP partner logic 
functions, and any output files from any of the foregoing 
(including device programming or simulation files), and any 
associated documentation or information are expressly subject 
to the terms and conditions of the Altera Program License 
Subscription Agreement, Altera MegaCore Function License 
Agreement, or other applicable license agreement, including, 
without limitation, that your use is for the sole purpose of 
programming logic devices manufactured by Altera and sold by 
Altera or its authorized distributors.  Please refer to the 
applicable agreement for further details.



+----------------------------------------------------------------------------------------+
; TimeQuest Timing Analyzer Summary                                                      ;
+--------------------+-------------------------------------------------------------------+
; Quartus II Version ; Version 13.0.1 Build 232 06/12/2013 Service Pack 1 SJ Web Edition ;
; Revision Name      ; portable_coleco                                                   ;
; Device Family      ; MAX7000S                                                          ;
; Device Name        ; EPM7128SLC84-10                                                   ;
; Timing Models      ; Final                                                             ;
; Delay Model        ; Slow Model                                                        ;
; Rise/Fall Delays   ; Unavailable                                                       ;
+--------------------+-------------------------------------------------------------------+


Parallel compilation was disabled, but you have multiple processors available. Enable parallel compilation to reduce compilation time.
+-------------------------------------+
; Parallel Compilation                ;
+----------------------------+--------+
; Processors                 ; Number ;
+----------------------------+--------+
; Number detected on machine ; 8      ;
; Maximum allowed            ; 1      ;
+----------------------------+--------+


+-------------------------------------------------------------------------------------+
; SDC File List                                                                       ;
+-------------------------------------------------+--------+--------------------------+
; SDC File Path                                   ; Status ; Read at                  ;
+-------------------------------------------------+--------+--------------------------+
; ../portable_coleco/constr/porta_glue_coleco.sdc ; OK     ; Sun Mar 24 09:47:19 2024 ;
+-------------------------------------------------+--------+--------------------------+


+-----------------------------------------------------------------------------------------------------------------------------------------------------------------------------------+
; Clocks                                                                                                                                                                            ;
+------------+------+---------+-----------+-------+---------+------------+-----------+-------------+-------+--------+-----------+------------+----------+--------+--------+---------+
; Clock Name ; Type ; Period  ; Frequency ; Rise  ; Fall    ; Duty Cycle ; Divide by ; Multiply by ; Phase ; Offset ; Edge List ; Edge Shift ; Inverted ; Master ; Source ; Targets ;
+------------+------+---------+-----------+-------+---------+------------+-----------+-------------+-------+--------+-----------+------------+----------+--------+--------+---------+
; ntsc_clock ; Base ; 279.365 ; 3.58 MHz  ; 0.000 ; 139.682 ;            ;           ;             ;       ;        ;           ;            ;          ;        ;        ; { clk } ;
+------------+------+---------+-----------+-------+---------+------------+-----------+-------------+-------+--------+-----------+------------+----------+--------+--------+---------+


+-----------------------------------------------+
; Fmax Summary                                  ;
+---------+-----------------+------------+------+
; Fmax    ; Restricted Fmax ; Clock Name ; Note ;
+---------+-----------------+------------+------+
; 4.0 MHz ; 4.0 MHz         ; ntsc_clock ;      ;
+---------+-----------------+------------+------+
This panel reports FMAX for every clock in the design, regardless of the user-specified clock periods.  FMAX is only computed for paths where the source and destination registers or ports are driven by the same clock.  Paths of different clocks, including generated clocks, are ignored.  For paths between a clock and its inversion, FMAX is computed as if the rising and falling edges are scaled along with FMAX, such that the duty cycle (in terms of a percentage) is maintained. Altera recommends that you always use clock constraints and other slack reports for sign-off analysis.


+-------------------------------------+
; Setup Summary                       ;
+------------+--------+---------------+
; Clock      ; Slack  ; End Point TNS ;
+------------+--------+---------------+
; ntsc_clock ; 14.683 ; 0.000         ;
+------------+--------+---------------+


+------------------------------------+
; Hold Summary                       ;
+------------+-------+---------------+
; Clock      ; Slack ; End Point TNS ;
+------------+-------+---------------+
; ntsc_clock ; 5.000 ; 0.000         ;
+------------+-------+---------------+


--------------------
; Recovery Summary ;
--------------------
No paths to report.


-------------------
; Removal Summary ;
-------------------
No paths to report.


+--------------------------------------+
; Minimum Pulse Width Summary          ;
+------------+---------+---------------+
; Clock      ; Slack   ; End Point TNS ;
+------------+---------+---------------+
; ntsc_clock ; 135.682 ; 0.000         ;
+------------+---------+---------------+


+-------------------------------------------------------------------------------------------------------------------+
; Setup: 'ntsc_clock'                                                                                               ;
+--------+--------------+---------------------+--------------+-------------+--------------+------------+------------+
; Slack  ; From Node    ; To Node             ; Launch Clock ; Latch Clock ; Relationship ; Clock Skew ; Data Delay ;
+--------+--------------+---------------------+--------------+-------------+--------------+------------+------------+
; 14.683 ; r_c2p9[3]    ; D[7]                ; ntsc_clock   ; ntsc_clock  ; 139.683      ; -1.500     ; 23.500     ;
; 14.683 ; r_c1p9[3]    ; D[7]                ; ntsc_clock   ; ntsc_clock  ; 139.683      ; -1.500     ; 23.500     ;
; 14.683 ; r_c2p9[6]    ; D[7]                ; ntsc_clock   ; ntsc_clock  ; 139.683      ; -1.500     ; 23.500     ;
; 14.683 ; r_mono_p2    ; D[7]                ; ntsc_clock   ; ntsc_clock  ; 139.683      ; -1.500     ; 23.500     ;
; 14.683 ; r_c2p9[4]    ; D[7]                ; ntsc_clock   ; ntsc_clock  ; 139.683      ; -1.500     ; 23.500     ;
; 14.683 ; r_c2p9[0]    ; D[7]                ; ntsc_clock   ; ntsc_clock  ; 139.683      ; -1.500     ; 23.500     ;
; 14.683 ; r_c2p9[2]    ; D[7]                ; ntsc_clock   ; ntsc_clock  ; 139.683      ; -1.500     ; 23.500     ;
; 14.683 ; r_c2p9[7]    ; D[7]                ; ntsc_clock   ; ntsc_clock  ; 139.683      ; -1.500     ; 23.500     ;
; 14.683 ; r_c2p9[1]    ; D[7]                ; ntsc_clock   ; ntsc_clock  ; 139.683      ; -1.500     ; 23.500     ;
; 14.683 ; r_c2p9[5]    ; D[7]                ; ntsc_clock   ; ntsc_clock  ; 139.683      ; -1.500     ; 23.500     ;
; 14.683 ; r_resetn     ; D[7]                ; ntsc_clock   ; ntsc_clock  ; 139.683      ; -1.500     ; 23.500     ;
; 14.683 ; r_c1p9[0]    ; D[7]                ; ntsc_clock   ; ntsc_clock  ; 139.683      ; -1.500     ; 23.500     ;
; 14.683 ; r_mono_p1    ; D[7]                ; ntsc_clock   ; ntsc_clock  ; 139.683      ; -1.500     ; 23.500     ;
; 14.683 ; r_c1p9[2]    ; D[7]                ; ntsc_clock   ; ntsc_clock  ; 139.683      ; -1.500     ; 23.500     ;
; 14.683 ; r_c1p9[6]    ; D[7]                ; ntsc_clock   ; ntsc_clock  ; 139.683      ; -1.500     ; 23.500     ;
; 14.683 ; r_c1p9[4]    ; D[7]                ; ntsc_clock   ; ntsc_clock  ; 139.683      ; -1.500     ; 23.500     ;
; 14.683 ; r_c1p9[7]    ; D[7]                ; ntsc_clock   ; ntsc_clock  ; 139.683      ; -1.500     ; 23.500     ;
; 14.683 ; r_c1p9[5]    ; D[7]                ; ntsc_clock   ; ntsc_clock  ; 139.683      ; -1.500     ; 23.500     ;
; 14.683 ; r_c1p9[1]    ; D[7]                ; ntsc_clock   ; ntsc_clock  ; 139.683      ; -1.500     ; 23.500     ;
; 22.683 ; r_mono_p2    ; D[4]                ; ntsc_clock   ; ntsc_clock  ; 139.683      ; -1.500     ; 15.500     ;
; 22.683 ; r_int_p1     ; INTn                ; ntsc_clock   ; ntsc_clock  ; 139.683      ; -1.500     ; 15.500     ;
; 22.683 ; r_mono_p1    ; D[4]                ; ntsc_clock   ; ntsc_clock  ; 139.683      ; -1.500     ; 15.500     ;
; 22.683 ; r_int_p2     ; INTn                ; ntsc_clock   ; ntsc_clock  ; 139.683      ; -1.500     ; 15.500     ;
; 26.683 ; r_wait       ; WAITn               ; ntsc_clock   ; ntsc_clock  ; 139.683      ; -1.500     ; 11.500     ;
; 30.683 ; r_ctrl_arm   ; CP5_ARM             ; ntsc_clock   ; ntsc_clock  ; 139.683      ; -1.500     ; 7.500      ;
; 30.683 ; r_ctrl_fire  ; CP8_FIRE            ; ntsc_clock   ; ntsc_clock  ; 139.683      ; -1.500     ; 7.500      ;
; 32.682 ; C2P9         ; r_c2p9[7]           ; ntsc_clock   ; ntsc_clock  ; 139.682      ; 1.500      ; 6.500      ;
; 32.682 ; C1P9         ; r_c1p9[7]           ; ntsc_clock   ; ntsc_clock  ; 139.682      ; 1.500      ; 6.500      ;
; 35.365 ; RFSHn        ; CS_h8000n           ; ntsc_clock   ; ntsc_clock  ; 279.365      ; 0.000      ; 14.000     ;
; 35.365 ; RFSHn        ; CS_hA000n           ; ntsc_clock   ; ntsc_clock  ; 279.365      ; 0.000      ; 14.000     ;
; 35.365 ; RFSHn        ; CS_hC000n           ; ntsc_clock   ; ntsc_clock  ; 279.365      ; 0.000      ; 14.000     ;
; 35.365 ; RFSHn        ; CS_hE000n           ; ntsc_clock   ; ntsc_clock  ; 279.365      ; 0.000      ; 14.000     ;
; 35.365 ; RFSHn        ; ROM_ENABLEn         ; ntsc_clock   ; ntsc_clock  ; 279.365      ; 0.000      ; 14.000     ;
; 50.365 ; A[6]         ; SND_ENABLEn         ; ntsc_clock   ; ntsc_clock  ; 279.365      ; 0.000      ; 14.000     ;
; 50.365 ; A[15]        ; CS_h8000n           ; ntsc_clock   ; ntsc_clock  ; 279.365      ; 0.000      ; 14.000     ;
; 50.365 ; MREQn        ; CS_h8000n           ; ntsc_clock   ; ntsc_clock  ; 279.365      ; 0.000      ; 14.000     ;
; 50.365 ; A[13]        ; CS_h8000n           ; ntsc_clock   ; ntsc_clock  ; 279.365      ; 0.000      ; 14.000     ;
; 50.365 ; A[14]        ; CS_h8000n           ; ntsc_clock   ; ntsc_clock  ; 279.365      ; 0.000      ; 14.000     ;
; 50.365 ; A[14]        ; CS_hA000n           ; ntsc_clock   ; ntsc_clock  ; 279.365      ; 0.000      ; 14.000     ;
; 50.365 ; A[15]        ; CS_hA000n           ; ntsc_clock   ; ntsc_clock  ; 279.365      ; 0.000      ; 14.000     ;
; 50.365 ; MREQn        ; CS_hA000n           ; ntsc_clock   ; ntsc_clock  ; 279.365      ; 0.000      ; 14.000     ;
; 50.365 ; A[13]        ; CS_hA000n           ; ntsc_clock   ; ntsc_clock  ; 279.365      ; 0.000      ; 14.000     ;
; 50.365 ; A[15]        ; CS_hC000n           ; ntsc_clock   ; ntsc_clock  ; 279.365      ; 0.000      ; 14.000     ;
; 50.365 ; MREQn        ; CS_hC000n           ; ntsc_clock   ; ntsc_clock  ; 279.365      ; 0.000      ; 14.000     ;
; 50.365 ; A[14]        ; CS_hC000n           ; ntsc_clock   ; ntsc_clock  ; 279.365      ; 0.000      ; 14.000     ;
; 50.365 ; A[13]        ; CS_hC000n           ; ntsc_clock   ; ntsc_clock  ; 279.365      ; 0.000      ; 14.000     ;
; 50.365 ; A[14]        ; CS_hE000n           ; ntsc_clock   ; ntsc_clock  ; 279.365      ; 0.000      ; 14.000     ;
; 50.365 ; A[15]        ; CS_hE000n           ; ntsc_clock   ; ntsc_clock  ; 279.365      ; 0.000      ; 14.000     ;
; 50.365 ; MREQn        ; CS_hE000n           ; ntsc_clock   ; ntsc_clock  ; 279.365      ; 0.000      ; 14.000     ;
; 50.365 ; A[13]        ; CS_hE000n           ; ntsc_clock   ; ntsc_clock  ; 279.365      ; 0.000      ; 14.000     ;
; 50.365 ; A[13]        ; ROM_ENABLEn         ; ntsc_clock   ; ntsc_clock  ; 279.365      ; 0.000      ; 14.000     ;
; 50.365 ; A[14]        ; ROM_ENABLEn         ; ntsc_clock   ; ntsc_clock  ; 279.365      ; 0.000      ; 14.000     ;
; 50.365 ; A[15]        ; ROM_ENABLEn         ; ntsc_clock   ; ntsc_clock  ; 279.365      ; 0.000      ; 14.000     ;
; 50.365 ; MREQn        ; ROM_ENABLEn         ; ntsc_clock   ; ntsc_clock  ; 279.365      ; 0.000      ; 14.000     ;
; 50.365 ; A[5]         ; SND_ENABLEn         ; ntsc_clock   ; ntsc_clock  ; 279.365      ; 0.000      ; 14.000     ;
; 50.365 ; A[7]         ; SND_ENABLEn         ; ntsc_clock   ; ntsc_clock  ; 279.365      ; 0.000      ; 14.000     ;
; 60.365 ; WRn          ; SND_ENABLEn         ; ntsc_clock   ; ntsc_clock  ; 279.365      ; 0.000      ; 14.000     ;
; 60.365 ; IORQn        ; SND_ENABLEn         ; ntsc_clock   ; ntsc_clock  ; 279.365      ; 0.000      ; 14.000     ;
; 65.365 ; C2P1         ; D[0]                ; ntsc_clock   ; ntsc_clock  ; 279.365      ; 0.000      ; 14.000     ;
; 65.365 ; C2P4         ; D[1]                ; ntsc_clock   ; ntsc_clock  ; 279.365      ; 0.000      ; 14.000     ;
; 65.365 ; C2P2         ; D[2]                ; ntsc_clock   ; ntsc_clock  ; 279.365      ; 0.000      ; 14.000     ;
; 65.365 ; C2P3         ; D[3]                ; ntsc_clock   ; ntsc_clock  ; 279.365      ; 0.000      ; 14.000     ;
; 65.365 ; C2P7         ; D[5]                ; ntsc_clock   ; ntsc_clock  ; 279.365      ; 0.000      ; 14.000     ;
; 65.365 ; C2P6         ; D[6]                ; ntsc_clock   ; ntsc_clock  ; 279.365      ; 0.000      ; 14.000     ;
; 65.365 ; C1P1         ; D[0]                ; ntsc_clock   ; ntsc_clock  ; 279.365      ; 0.000      ; 14.000     ;
; 65.365 ; C1P4         ; D[1]                ; ntsc_clock   ; ntsc_clock  ; 279.365      ; 0.000      ; 14.000     ;
; 65.365 ; C1P2         ; D[2]                ; ntsc_clock   ; ntsc_clock  ; 279.365      ; 0.000      ; 14.000     ;
; 65.365 ; C1P3         ; D[3]                ; ntsc_clock   ; ntsc_clock  ; 279.365      ; 0.000      ; 14.000     ;
; 65.365 ; C1P7         ; D[5]                ; ntsc_clock   ; ntsc_clock  ; 279.365      ; 0.000      ; 14.000     ;
; 65.365 ; C1P6         ; D[6]                ; ntsc_clock   ; ntsc_clock  ; 279.365      ; 0.000      ; 14.000     ;
; 67.682 ; M1n          ; r_wait              ; ntsc_clock   ; ntsc_clock  ; 139.682      ; 1.500      ; 6.500      ;
; 67.682 ; A[6]         ; r_ctrl_arm          ; ntsc_clock   ; ntsc_clock  ; 139.682      ; 1.500      ; 6.500      ;
; 67.682 ; A[7]         ; r_ctrl_arm          ; ntsc_clock   ; ntsc_clock  ; 139.682      ; 1.500      ; 6.500      ;
; 67.682 ; A[5]         ; r_ctrl_arm          ; ntsc_clock   ; ntsc_clock  ; 139.682      ; 1.500      ; 6.500      ;
; 67.682 ; A[6]         ; r_ctrl_fire         ; ntsc_clock   ; ntsc_clock  ; 139.682      ; 1.500      ; 6.500      ;
; 67.682 ; A[7]         ; r_ctrl_fire         ; ntsc_clock   ; ntsc_clock  ; 139.682      ; 1.500      ; 6.500      ;
; 67.682 ; A[5]         ; r_ctrl_fire         ; ntsc_clock   ; ntsc_clock  ; 139.682      ; 1.500      ; 6.500      ;
; 77.682 ; IORQn        ; r_ctrl_arm          ; ntsc_clock   ; ntsc_clock  ; 139.682      ; 1.500      ; 6.500      ;
; 77.682 ; WRn          ; r_ctrl_arm          ; ntsc_clock   ; ntsc_clock  ; 139.682      ; 1.500      ; 6.500      ;
; 77.682 ; IORQn        ; r_ctrl_fire         ; ntsc_clock   ; ntsc_clock  ; 139.682      ; 1.500      ; 6.500      ;
; 77.682 ; WRn          ; r_ctrl_fire         ; ntsc_clock   ; ntsc_clock  ; 139.682      ; 1.500      ; 6.500      ;
; 85.365 ; RFSHn        ; RAM_CSn             ; ntsc_clock   ; ntsc_clock  ; 279.365      ; 0.000      ; 14.000     ;
; 85.365 ; RFSHn        ; RAM_OEn             ; ntsc_clock   ; ntsc_clock  ; 279.365      ; 0.000      ; 14.000     ;
; 90.683 ; r_resetn     ; RESETn              ; ntsc_clock   ; ntsc_clock  ; 139.683      ; -1.500     ; 7.500      ;
; 90.683 ; r_vdp_resetn ; VDP_RESETn          ; ntsc_clock   ; ntsc_clock  ; 139.683      ; -1.500     ; 7.500      ;
; 92.682 ; RESETn_SW    ; r_reset_counter[1]  ; ntsc_clock   ; ntsc_clock  ; 139.682      ; 1.500      ; 6.500      ;
; 92.682 ; RESETn_SW    ; r_reset_counter[2]  ; ntsc_clock   ; ntsc_clock  ; 139.682      ; 1.500      ; 6.500      ;
; 92.682 ; RESETn_SW    ; r_reset_counter[3]  ; ntsc_clock   ; ntsc_clock  ; 139.682      ; 1.500      ; 6.500      ;
; 92.682 ; RESETn_SW    ; r_reset_counter[4]  ; ntsc_clock   ; ntsc_clock  ; 139.682      ; 1.500      ; 6.500      ;
; 92.682 ; RESETn_SW    ; r_reset_counter[5]  ; ntsc_clock   ; ntsc_clock  ; 139.682      ; 1.500      ; 6.500      ;
; 92.682 ; RESETn_SW    ; r_reset_counter[6]  ; ntsc_clock   ; ntsc_clock  ; 139.682      ; 1.500      ; 6.500      ;
; 92.682 ; RESETn_SW    ; r_reset_counter[7]  ; ntsc_clock   ; ntsc_clock  ; 139.682      ; 1.500      ; 6.500      ;
; 92.682 ; RESETn_SW    ; r_reset_counter[8]  ; ntsc_clock   ; ntsc_clock  ; 139.682      ; 1.500      ; 6.500      ;
; 92.682 ; RESETn_SW    ; r_reset_counter[9]  ; ntsc_clock   ; ntsc_clock  ; 139.682      ; 1.500      ; 6.500      ;
; 92.682 ; RESETn_SW    ; r_reset_counter[10] ; ntsc_clock   ; ntsc_clock  ; 139.682      ; 1.500      ; 6.500      ;
; 92.682 ; RESETn_SW    ; r_reset_counter[11] ; ntsc_clock   ; ntsc_clock  ; 139.682      ; 1.500      ; 6.500      ;
; 92.682 ; RESETn_SW    ; r_reset_counter[12] ; ntsc_clock   ; ntsc_clock  ; 139.682      ; 1.500      ; 6.500      ;
; 92.682 ; RESETn_SW    ; r_reset_counter[13] ; ntsc_clock   ; ntsc_clock  ; 139.682      ; 1.500      ; 6.500      ;
; 92.682 ; RESETn_SW    ; r_reset_counter[14] ; ntsc_clock   ; ntsc_clock  ; 139.682      ; 1.500      ; 6.500      ;
; 92.682 ; RESETn_SW    ; r_reset_counter[15] ; ntsc_clock   ; ntsc_clock  ; 139.682      ; 1.500      ; 6.500      ;
+--------+--------------+---------------------+--------------+-------------+--------------+------------+------------+


+-------------------------------------------------------------------------------------------------------------------------+
; Hold: 'ntsc_clock'                                                                                                      ;
+-------+---------------------+---------------------+--------------+-------------+--------------+------------+------------+
; Slack ; From Node           ; To Node             ; Launch Clock ; Latch Clock ; Relationship ; Clock Skew ; Data Delay ;
+-------+---------------------+---------------------+--------------+-------------+--------------+------------+------------+
; 5.000 ; r_wait              ; r_wait              ; ntsc_clock   ; ntsc_clock  ; 0.000        ; 0.000      ; 8.000      ;
; 5.000 ; r_c2p9[7]           ; r_c2p9[6]           ; ntsc_clock   ; ntsc_clock  ; 0.000        ; 0.000      ; 8.000      ;
; 5.000 ; r_c1p9[7]           ; r_c1p9[6]           ; ntsc_clock   ; ntsc_clock  ; 0.000        ; 0.000      ; 8.000      ;
; 5.000 ; r_reset_counter[1]  ; r_reset_counter[1]  ; ntsc_clock   ; ntsc_clock  ; 0.000        ; 0.000      ; 8.000      ;
; 5.000 ; r_reset_counter[15] ; r_reset_counter[1]  ; ntsc_clock   ; ntsc_clock  ; 0.000        ; 0.000      ; 8.000      ;
; 5.000 ; r_reset_counter[0]  ; r_reset_counter[1]  ; ntsc_clock   ; ntsc_clock  ; 0.000        ; 0.000      ; 8.000      ;
; 5.000 ; r_reset_counter[2]  ; r_reset_counter[2]  ; ntsc_clock   ; ntsc_clock  ; 0.000        ; 0.000      ; 8.000      ;
; 5.000 ; r_reset_counter[15] ; r_reset_counter[2]  ; ntsc_clock   ; ntsc_clock  ; 0.000        ; 0.000      ; 8.000      ;
; 5.000 ; r_reset_counter[0]  ; r_reset_counter[2]  ; ntsc_clock   ; ntsc_clock  ; 0.000        ; 0.000      ; 8.000      ;
; 5.000 ; r_reset_counter[1]  ; r_reset_counter[2]  ; ntsc_clock   ; ntsc_clock  ; 0.000        ; 0.000      ; 8.000      ;
; 5.000 ; r_reset_counter[3]  ; r_reset_counter[3]  ; ntsc_clock   ; ntsc_clock  ; 0.000        ; 0.000      ; 8.000      ;
; 5.000 ; r_reset_counter[15] ; r_reset_counter[3]  ; ntsc_clock   ; ntsc_clock  ; 0.000        ; 0.000      ; 8.000      ;
; 5.000 ; r_reset_counter[2]  ; r_reset_counter[3]  ; ntsc_clock   ; ntsc_clock  ; 0.000        ; 0.000      ; 8.000      ;
; 5.000 ; r_reset_counter[0]  ; r_reset_counter[3]  ; ntsc_clock   ; ntsc_clock  ; 0.000        ; 0.000      ; 8.000      ;
; 5.000 ; r_reset_counter[1]  ; r_reset_counter[3]  ; ntsc_clock   ; ntsc_clock  ; 0.000        ; 0.000      ; 8.000      ;
; 5.000 ; r_reset_counter[4]  ; r_reset_counter[4]  ; ntsc_clock   ; ntsc_clock  ; 0.000        ; 0.000      ; 8.000      ;
; 5.000 ; r_reset_counter[15] ; r_reset_counter[4]  ; ntsc_clock   ; ntsc_clock  ; 0.000        ; 0.000      ; 8.000      ;
; 5.000 ; r_reset_counter[3]  ; r_reset_counter[4]  ; ntsc_clock   ; ntsc_clock  ; 0.000        ; 0.000      ; 8.000      ;
; 5.000 ; r_reset_counter[2]  ; r_reset_counter[4]  ; ntsc_clock   ; ntsc_clock  ; 0.000        ; 0.000      ; 8.000      ;
; 5.000 ; r_reset_counter[0]  ; r_reset_counter[4]  ; ntsc_clock   ; ntsc_clock  ; 0.000        ; 0.000      ; 8.000      ;
; 5.000 ; r_reset_counter[1]  ; r_reset_counter[4]  ; ntsc_clock   ; ntsc_clock  ; 0.000        ; 0.000      ; 8.000      ;
; 5.000 ; r_reset_counter[5]  ; r_reset_counter[5]  ; ntsc_clock   ; ntsc_clock  ; 0.000        ; 0.000      ; 8.000      ;
; 5.000 ; r_reset_counter[15] ; r_reset_counter[5]  ; ntsc_clock   ; ntsc_clock  ; 0.000        ; 0.000      ; 8.000      ;
; 5.000 ; r_reset_counter[4]  ; r_reset_counter[5]  ; ntsc_clock   ; ntsc_clock  ; 0.000        ; 0.000      ; 8.000      ;
; 5.000 ; r_reset_counter[3]  ; r_reset_counter[5]  ; ntsc_clock   ; ntsc_clock  ; 0.000        ; 0.000      ; 8.000      ;
; 5.000 ; r_reset_counter[2]  ; r_reset_counter[5]  ; ntsc_clock   ; ntsc_clock  ; 0.000        ; 0.000      ; 8.000      ;
; 5.000 ; r_reset_counter[0]  ; r_reset_counter[5]  ; ntsc_clock   ; ntsc_clock  ; 0.000        ; 0.000      ; 8.000      ;
; 5.000 ; r_reset_counter[1]  ; r_reset_counter[5]  ; ntsc_clock   ; ntsc_clock  ; 0.000        ; 0.000      ; 8.000      ;
; 5.000 ; r_reset_counter[6]  ; r_reset_counter[6]  ; ntsc_clock   ; ntsc_clock  ; 0.000        ; 0.000      ; 8.000      ;
; 5.000 ; r_reset_counter[15] ; r_reset_counter[6]  ; ntsc_clock   ; ntsc_clock  ; 0.000        ; 0.000      ; 8.000      ;
; 5.000 ; r_reset_counter[5]  ; r_reset_counter[6]  ; ntsc_clock   ; ntsc_clock  ; 0.000        ; 0.000      ; 8.000      ;
; 5.000 ; r_reset_counter[4]  ; r_reset_counter[6]  ; ntsc_clock   ; ntsc_clock  ; 0.000        ; 0.000      ; 8.000      ;
; 5.000 ; r_reset_counter[3]  ; r_reset_counter[6]  ; ntsc_clock   ; ntsc_clock  ; 0.000        ; 0.000      ; 8.000      ;
; 5.000 ; r_reset_counter[2]  ; r_reset_counter[6]  ; ntsc_clock   ; ntsc_clock  ; 0.000        ; 0.000      ; 8.000      ;
; 5.000 ; r_reset_counter[0]  ; r_reset_counter[6]  ; ntsc_clock   ; ntsc_clock  ; 0.000        ; 0.000      ; 8.000      ;
; 5.000 ; r_reset_counter[1]  ; r_reset_counter[6]  ; ntsc_clock   ; ntsc_clock  ; 0.000        ; 0.000      ; 8.000      ;
; 5.000 ; r_reset_counter[7]  ; r_reset_counter[7]  ; ntsc_clock   ; ntsc_clock  ; 0.000        ; 0.000      ; 8.000      ;
; 5.000 ; r_reset_counter[15] ; r_reset_counter[7]  ; ntsc_clock   ; ntsc_clock  ; 0.000        ; 0.000      ; 8.000      ;
; 5.000 ; r_reset_counter[6]  ; r_reset_counter[7]  ; ntsc_clock   ; ntsc_clock  ; 0.000        ; 0.000      ; 8.000      ;
; 5.000 ; r_reset_counter[5]  ; r_reset_counter[7]  ; ntsc_clock   ; ntsc_clock  ; 0.000        ; 0.000      ; 8.000      ;
; 5.000 ; r_reset_counter[4]  ; r_reset_counter[7]  ; ntsc_clock   ; ntsc_clock  ; 0.000        ; 0.000      ; 8.000      ;
; 5.000 ; r_reset_counter[3]  ; r_reset_counter[7]  ; ntsc_clock   ; ntsc_clock  ; 0.000        ; 0.000      ; 8.000      ;
; 5.000 ; r_reset_counter[2]  ; r_reset_counter[7]  ; ntsc_clock   ; ntsc_clock  ; 0.000        ; 0.000      ; 8.000      ;
; 5.000 ; r_reset_counter[0]  ; r_reset_counter[7]  ; ntsc_clock   ; ntsc_clock  ; 0.000        ; 0.000      ; 8.000      ;
; 5.000 ; r_reset_counter[1]  ; r_reset_counter[7]  ; ntsc_clock   ; ntsc_clock  ; 0.000        ; 0.000      ; 8.000      ;
; 5.000 ; r_reset_counter[8]  ; r_reset_counter[8]  ; ntsc_clock   ; ntsc_clock  ; 0.000        ; 0.000      ; 8.000      ;
; 5.000 ; r_reset_counter[15] ; r_reset_counter[8]  ; ntsc_clock   ; ntsc_clock  ; 0.000        ; 0.000      ; 8.000      ;
; 5.000 ; r_reset_counter[2]  ; r_reset_counter[8]  ; ntsc_clock   ; ntsc_clock  ; 0.000        ; 0.000      ; 8.000      ;
; 5.000 ; r_reset_counter[3]  ; r_reset_counter[8]  ; ntsc_clock   ; ntsc_clock  ; 0.000        ; 0.000      ; 8.000      ;
; 5.000 ; r_reset_counter[6]  ; r_reset_counter[8]  ; ntsc_clock   ; ntsc_clock  ; 0.000        ; 0.000      ; 8.000      ;
; 5.000 ; r_reset_counter[7]  ; r_reset_counter[8]  ; ntsc_clock   ; ntsc_clock  ; 0.000        ; 0.000      ; 8.000      ;
; 5.000 ; r_reset_counter[0]  ; r_reset_counter[8]  ; ntsc_clock   ; ntsc_clock  ; 0.000        ; 0.000      ; 8.000      ;
; 5.000 ; r_reset_counter[1]  ; r_reset_counter[8]  ; ntsc_clock   ; ntsc_clock  ; 0.000        ; 0.000      ; 8.000      ;
; 5.000 ; r_reset_counter[4]  ; r_reset_counter[8]  ; ntsc_clock   ; ntsc_clock  ; 0.000        ; 0.000      ; 8.000      ;
; 5.000 ; r_reset_counter[5]  ; r_reset_counter[8]  ; ntsc_clock   ; ntsc_clock  ; 0.000        ; 0.000      ; 8.000      ;
; 5.000 ; r_reset_counter[9]  ; r_reset_counter[9]  ; ntsc_clock   ; ntsc_clock  ; 0.000        ; 0.000      ; 8.000      ;
; 5.000 ; r_reset_counter[15] ; r_reset_counter[9]  ; ntsc_clock   ; ntsc_clock  ; 0.000        ; 0.000      ; 8.000      ;
; 5.000 ; r_reset_counter[8]  ; r_reset_counter[9]  ; ntsc_clock   ; ntsc_clock  ; 0.000        ; 0.000      ; 8.000      ;
; 5.000 ; r_reset_counter[2]  ; r_reset_counter[9]  ; ntsc_clock   ; ntsc_clock  ; 0.000        ; 0.000      ; 8.000      ;
; 5.000 ; r_reset_counter[3]  ; r_reset_counter[9]  ; ntsc_clock   ; ntsc_clock  ; 0.000        ; 0.000      ; 8.000      ;
; 5.000 ; r_reset_counter[6]  ; r_reset_counter[9]  ; ntsc_clock   ; ntsc_clock  ; 0.000        ; 0.000      ; 8.000      ;
; 5.000 ; r_reset_counter[7]  ; r_reset_counter[9]  ; ntsc_clock   ; ntsc_clock  ; 0.000        ; 0.000      ; 8.000      ;
; 5.000 ; r_reset_counter[0]  ; r_reset_counter[9]  ; ntsc_clock   ; ntsc_clock  ; 0.000        ; 0.000      ; 8.000      ;
; 5.000 ; r_reset_counter[1]  ; r_reset_counter[9]  ; ntsc_clock   ; ntsc_clock  ; 0.000        ; 0.000      ; 8.000      ;
; 5.000 ; r_reset_counter[4]  ; r_reset_counter[9]  ; ntsc_clock   ; ntsc_clock  ; 0.000        ; 0.000      ; 8.000      ;
; 5.000 ; r_reset_counter[5]  ; r_reset_counter[9]  ; ntsc_clock   ; ntsc_clock  ; 0.000        ; 0.000      ; 8.000      ;
; 5.000 ; r_reset_counter[10] ; r_reset_counter[10] ; ntsc_clock   ; ntsc_clock  ; 0.000        ; 0.000      ; 8.000      ;
; 5.000 ; r_reset_counter[15] ; r_reset_counter[10] ; ntsc_clock   ; ntsc_clock  ; 0.000        ; 0.000      ; 8.000      ;
; 5.000 ; r_reset_counter[9]  ; r_reset_counter[10] ; ntsc_clock   ; ntsc_clock  ; 0.000        ; 0.000      ; 8.000      ;
; 5.000 ; r_reset_counter[8]  ; r_reset_counter[10] ; ntsc_clock   ; ntsc_clock  ; 0.000        ; 0.000      ; 8.000      ;
; 5.000 ; r_reset_counter[2]  ; r_reset_counter[10] ; ntsc_clock   ; ntsc_clock  ; 0.000        ; 0.000      ; 8.000      ;
; 5.000 ; r_reset_counter[3]  ; r_reset_counter[10] ; ntsc_clock   ; ntsc_clock  ; 0.000        ; 0.000      ; 8.000      ;
; 5.000 ; r_reset_counter[6]  ; r_reset_counter[10] ; ntsc_clock   ; ntsc_clock  ; 0.000        ; 0.000      ; 8.000      ;
; 5.000 ; r_reset_counter[7]  ; r_reset_counter[10] ; ntsc_clock   ; ntsc_clock  ; 0.000        ; 0.000      ; 8.000      ;
; 5.000 ; r_reset_counter[0]  ; r_reset_counter[10] ; ntsc_clock   ; ntsc_clock  ; 0.000        ; 0.000      ; 8.000      ;
; 5.000 ; r_reset_counter[1]  ; r_reset_counter[10] ; ntsc_clock   ; ntsc_clock  ; 0.000        ; 0.000      ; 8.000      ;
; 5.000 ; r_reset_counter[4]  ; r_reset_counter[10] ; ntsc_clock   ; ntsc_clock  ; 0.000        ; 0.000      ; 8.000      ;
; 5.000 ; r_reset_counter[5]  ; r_reset_counter[10] ; ntsc_clock   ; ntsc_clock  ; 0.000        ; 0.000      ; 8.000      ;
; 5.000 ; r_reset_counter[11] ; r_reset_counter[11] ; ntsc_clock   ; ntsc_clock  ; 0.000        ; 0.000      ; 8.000      ;
; 5.000 ; r_reset_counter[15] ; r_reset_counter[11] ; ntsc_clock   ; ntsc_clock  ; 0.000        ; 0.000      ; 8.000      ;
; 5.000 ; r_reset_counter[10] ; r_reset_counter[11] ; ntsc_clock   ; ntsc_clock  ; 0.000        ; 0.000      ; 8.000      ;
; 5.000 ; r_reset_counter[9]  ; r_reset_counter[11] ; ntsc_clock   ; ntsc_clock  ; 0.000        ; 0.000      ; 8.000      ;
; 5.000 ; r_reset_counter[8]  ; r_reset_counter[11] ; ntsc_clock   ; ntsc_clock  ; 0.000        ; 0.000      ; 8.000      ;
; 5.000 ; r_reset_counter[2]  ; r_reset_counter[11] ; ntsc_clock   ; ntsc_clock  ; 0.000        ; 0.000      ; 8.000      ;
; 5.000 ; r_reset_counter[3]  ; r_reset_counter[11] ; ntsc_clock   ; ntsc_clock  ; 0.000        ; 0.000      ; 8.000      ;
; 5.000 ; r_reset_counter[6]  ; r_reset_counter[11] ; ntsc_clock   ; ntsc_clock  ; 0.000        ; 0.000      ; 8.000      ;
; 5.000 ; r_reset_counter[7]  ; r_reset_counter[11] ; ntsc_clock   ; ntsc_clock  ; 0.000        ; 0.000      ; 8.000      ;
; 5.000 ; r_reset_counter[0]  ; r_reset_counter[11] ; ntsc_clock   ; ntsc_clock  ; 0.000        ; 0.000      ; 8.000      ;
; 5.000 ; r_reset_counter[1]  ; r_reset_counter[11] ; ntsc_clock   ; ntsc_clock  ; 0.000        ; 0.000      ; 8.000      ;
; 5.000 ; r_reset_counter[4]  ; r_reset_counter[11] ; ntsc_clock   ; ntsc_clock  ; 0.000        ; 0.000      ; 8.000      ;
; 5.000 ; r_reset_counter[5]  ; r_reset_counter[11] ; ntsc_clock   ; ntsc_clock  ; 0.000        ; 0.000      ; 8.000      ;
; 5.000 ; r_reset_counter[12] ; r_reset_counter[12] ; ntsc_clock   ; ntsc_clock  ; 0.000        ; 0.000      ; 8.000      ;
; 5.000 ; r_reset_counter[15] ; r_reset_counter[12] ; ntsc_clock   ; ntsc_clock  ; 0.000        ; 0.000      ; 8.000      ;
; 5.000 ; r_reset_counter[11] ; r_reset_counter[12] ; ntsc_clock   ; ntsc_clock  ; 0.000        ; 0.000      ; 8.000      ;
; 5.000 ; r_reset_counter[10] ; r_reset_counter[12] ; ntsc_clock   ; ntsc_clock  ; 0.000        ; 0.000      ; 8.000      ;
; 5.000 ; r_reset_counter[9]  ; r_reset_counter[12] ; ntsc_clock   ; ntsc_clock  ; 0.000        ; 0.000      ; 8.000      ;
; 5.000 ; r_reset_counter[8]  ; r_reset_counter[12] ; ntsc_clock   ; ntsc_clock  ; 0.000        ; 0.000      ; 8.000      ;
; 5.000 ; r_reset_counter[2]  ; r_reset_counter[12] ; ntsc_clock   ; ntsc_clock  ; 0.000        ; 0.000      ; 8.000      ;
; 5.000 ; r_reset_counter[3]  ; r_reset_counter[12] ; ntsc_clock   ; ntsc_clock  ; 0.000        ; 0.000      ; 8.000      ;
; 5.000 ; r_reset_counter[6]  ; r_reset_counter[12] ; ntsc_clock   ; ntsc_clock  ; 0.000        ; 0.000      ; 8.000      ;
+-------+---------------------+---------------------+--------------+-------------+--------------+------------+------------+


+---------------------------------------------------------------------------------------------------------------+
; Minimum Pulse Width: 'ntsc_clock'                                                                             ;
+---------+--------------+----------------+------------------+------------+------------+------------------------+
; Slack   ; Actual Width ; Required Width ; Type             ; Clock      ; Clock Edge ; Target                 ;
+---------+--------------+----------------+------------------+------------+------------+------------------------+
; 135.682 ; 139.682      ; 4.000          ; Low Pulse Width  ; ntsc_clock ; Fall       ; r_c1p9[0]              ;
; 135.682 ; 139.682      ; 4.000          ; Low Pulse Width  ; ntsc_clock ; Fall       ; r_c1p9[1]              ;
; 135.682 ; 139.682      ; 4.000          ; Low Pulse Width  ; ntsc_clock ; Fall       ; r_c1p9[2]              ;
; 135.682 ; 139.682      ; 4.000          ; Low Pulse Width  ; ntsc_clock ; Fall       ; r_c1p9[3]              ;
; 135.682 ; 139.682      ; 4.000          ; Low Pulse Width  ; ntsc_clock ; Fall       ; r_c1p9[4]              ;
; 135.682 ; 139.682      ; 4.000          ; Low Pulse Width  ; ntsc_clock ; Fall       ; r_c1p9[5]              ;
; 135.682 ; 139.682      ; 4.000          ; Low Pulse Width  ; ntsc_clock ; Fall       ; r_c1p9[6]              ;
; 135.682 ; 139.682      ; 4.000          ; Low Pulse Width  ; ntsc_clock ; Fall       ; r_c1p9[7]              ;
; 135.682 ; 139.682      ; 4.000          ; Low Pulse Width  ; ntsc_clock ; Fall       ; r_c2p9[0]              ;
; 135.682 ; 139.682      ; 4.000          ; Low Pulse Width  ; ntsc_clock ; Fall       ; r_c2p9[1]              ;
; 135.682 ; 139.682      ; 4.000          ; Low Pulse Width  ; ntsc_clock ; Fall       ; r_c2p9[2]              ;
; 135.682 ; 139.682      ; 4.000          ; Low Pulse Width  ; ntsc_clock ; Fall       ; r_c2p9[3]              ;
; 135.682 ; 139.682      ; 4.000          ; Low Pulse Width  ; ntsc_clock ; Fall       ; r_c2p9[4]              ;
; 135.682 ; 139.682      ; 4.000          ; Low Pulse Width  ; ntsc_clock ; Fall       ; r_c2p9[5]              ;
; 135.682 ; 139.682      ; 4.000          ; Low Pulse Width  ; ntsc_clock ; Fall       ; r_c2p9[6]              ;
; 135.682 ; 139.682      ; 4.000          ; Low Pulse Width  ; ntsc_clock ; Fall       ; r_c2p9[7]              ;
; 135.682 ; 139.682      ; 4.000          ; Low Pulse Width  ; ntsc_clock ; Fall       ; r_ctrl_arm             ;
; 135.682 ; 139.682      ; 4.000          ; Low Pulse Width  ; ntsc_clock ; Fall       ; r_ctrl_fire            ;
; 135.682 ; 139.682      ; 4.000          ; Low Pulse Width  ; ntsc_clock ; Fall       ; r_int_p1               ;
; 135.682 ; 139.682      ; 4.000          ; Low Pulse Width  ; ntsc_clock ; Fall       ; r_int_p2               ;
; 135.682 ; 139.682      ; 4.000          ; Low Pulse Width  ; ntsc_clock ; Fall       ; r_mono_count_int_p1[0] ;
; 135.682 ; 139.682      ; 4.000          ; Low Pulse Width  ; ntsc_clock ; Fall       ; r_mono_count_int_p1[1] ;
; 135.682 ; 139.682      ; 4.000          ; Low Pulse Width  ; ntsc_clock ; Fall       ; r_mono_count_int_p1[2] ;
; 135.682 ; 139.682      ; 4.000          ; Low Pulse Width  ; ntsc_clock ; Fall       ; r_mono_count_int_p1[3] ;
; 135.682 ; 139.682      ; 4.000          ; Low Pulse Width  ; ntsc_clock ; Fall       ; r_mono_count_int_p1[4] ;
; 135.682 ; 139.682      ; 4.000          ; Low Pulse Width  ; ntsc_clock ; Fall       ; r_mono_count_int_p1[5] ;
; 135.682 ; 139.682      ; 4.000          ; Low Pulse Width  ; ntsc_clock ; Fall       ; r_mono_count_int_p1[6] ;
; 135.682 ; 139.682      ; 4.000          ; Low Pulse Width  ; ntsc_clock ; Fall       ; r_mono_count_int_p2[0] ;
; 135.682 ; 139.682      ; 4.000          ; Low Pulse Width  ; ntsc_clock ; Fall       ; r_mono_count_int_p2[1] ;
; 135.682 ; 139.682      ; 4.000          ; Low Pulse Width  ; ntsc_clock ; Fall       ; r_mono_count_int_p2[2] ;
; 135.682 ; 139.682      ; 4.000          ; Low Pulse Width  ; ntsc_clock ; Fall       ; r_mono_count_int_p2[3] ;
; 135.682 ; 139.682      ; 4.000          ; Low Pulse Width  ; ntsc_clock ; Fall       ; r_mono_count_int_p2[4] ;
; 135.682 ; 139.682      ; 4.000          ; Low Pulse Width  ; ntsc_clock ; Fall       ; r_mono_count_int_p2[5] ;
; 135.682 ; 139.682      ; 4.000          ; Low Pulse Width  ; ntsc_clock ; Fall       ; r_mono_count_int_p2[6] ;
; 135.682 ; 139.682      ; 4.000          ; Low Pulse Width  ; ntsc_clock ; Fall       ; r_mono_count_p1[0]     ;
; 135.682 ; 139.682      ; 4.000          ; Low Pulse Width  ; ntsc_clock ; Fall       ; r_mono_count_p1[10]    ;
; 135.682 ; 139.682      ; 4.000          ; Low Pulse Width  ; ntsc_clock ; Fall       ; r_mono_count_p1[11]    ;
; 135.682 ; 139.682      ; 4.000          ; Low Pulse Width  ; ntsc_clock ; Fall       ; r_mono_count_p1[1]     ;
; 135.682 ; 139.682      ; 4.000          ; Low Pulse Width  ; ntsc_clock ; Fall       ; r_mono_count_p1[2]     ;
; 135.682 ; 139.682      ; 4.000          ; Low Pulse Width  ; ntsc_clock ; Fall       ; r_mono_count_p1[3]     ;
; 135.682 ; 139.682      ; 4.000          ; Low Pulse Width  ; ntsc_clock ; Fall       ; r_mono_count_p1[4]     ;
; 135.682 ; 139.682      ; 4.000          ; Low Pulse Width  ; ntsc_clock ; Fall       ; r_mono_count_p1[5]     ;
; 135.682 ; 139.682      ; 4.000          ; Low Pulse Width  ; ntsc_clock ; Fall       ; r_mono_count_p1[6]     ;
; 135.682 ; 139.682      ; 4.000          ; Low Pulse Width  ; ntsc_clock ; Fall       ; r_mono_count_p1[7]     ;
; 135.682 ; 139.682      ; 4.000          ; Low Pulse Width  ; ntsc_clock ; Fall       ; r_mono_count_p1[8]     ;
; 135.682 ; 139.682      ; 4.000          ; Low Pulse Width  ; ntsc_clock ; Fall       ; r_mono_count_p1[9]     ;
; 135.682 ; 139.682      ; 4.000          ; Low Pulse Width  ; ntsc_clock ; Fall       ; r_mono_count_p2[0]     ;
; 135.682 ; 139.682      ; 4.000          ; Low Pulse Width  ; ntsc_clock ; Fall       ; r_mono_count_p2[10]    ;
; 135.682 ; 139.682      ; 4.000          ; Low Pulse Width  ; ntsc_clock ; Fall       ; r_mono_count_p2[11]    ;
; 135.682 ; 139.682      ; 4.000          ; Low Pulse Width  ; ntsc_clock ; Fall       ; r_mono_count_p2[1]     ;
; 135.682 ; 139.682      ; 4.000          ; Low Pulse Width  ; ntsc_clock ; Fall       ; r_mono_count_p2[2]     ;
; 135.682 ; 139.682      ; 4.000          ; Low Pulse Width  ; ntsc_clock ; Fall       ; r_mono_count_p2[3]     ;
; 135.682 ; 139.682      ; 4.000          ; Low Pulse Width  ; ntsc_clock ; Fall       ; r_mono_count_p2[4]     ;
; 135.682 ; 139.682      ; 4.000          ; Low Pulse Width  ; ntsc_clock ; Fall       ; r_mono_count_p2[5]     ;
; 135.682 ; 139.682      ; 4.000          ; Low Pulse Width  ; ntsc_clock ; Fall       ; r_mono_count_p2[6]     ;
; 135.682 ; 139.682      ; 4.000          ; Low Pulse Width  ; ntsc_clock ; Fall       ; r_mono_count_p2[7]     ;
; 135.682 ; 139.682      ; 4.000          ; Low Pulse Width  ; ntsc_clock ; Fall       ; r_mono_count_p2[8]     ;
; 135.682 ; 139.682      ; 4.000          ; Low Pulse Width  ; ntsc_clock ; Fall       ; r_mono_count_p2[9]     ;
; 135.682 ; 139.682      ; 4.000          ; Low Pulse Width  ; ntsc_clock ; Fall       ; r_mono_p1              ;
; 135.682 ; 139.682      ; 4.000          ; Low Pulse Width  ; ntsc_clock ; Fall       ; r_mono_p2              ;
; 135.682 ; 139.682      ; 4.000          ; Low Pulse Width  ; ntsc_clock ; Fall       ; r_reset_counter[0]     ;
; 135.682 ; 139.682      ; 4.000          ; Low Pulse Width  ; ntsc_clock ; Fall       ; r_reset_counter[10]    ;
; 135.682 ; 139.682      ; 4.000          ; Low Pulse Width  ; ntsc_clock ; Fall       ; r_reset_counter[11]    ;
; 135.682 ; 139.682      ; 4.000          ; Low Pulse Width  ; ntsc_clock ; Fall       ; r_reset_counter[12]    ;
; 135.682 ; 139.682      ; 4.000          ; Low Pulse Width  ; ntsc_clock ; Fall       ; r_reset_counter[13]    ;
; 135.682 ; 139.682      ; 4.000          ; Low Pulse Width  ; ntsc_clock ; Fall       ; r_reset_counter[14]    ;
; 135.682 ; 139.682      ; 4.000          ; Low Pulse Width  ; ntsc_clock ; Fall       ; r_reset_counter[15]    ;
; 135.682 ; 139.682      ; 4.000          ; Low Pulse Width  ; ntsc_clock ; Fall       ; r_reset_counter[1]     ;
; 135.682 ; 139.682      ; 4.000          ; Low Pulse Width  ; ntsc_clock ; Fall       ; r_reset_counter[2]     ;
; 135.682 ; 139.682      ; 4.000          ; Low Pulse Width  ; ntsc_clock ; Fall       ; r_reset_counter[3]     ;
; 135.682 ; 139.682      ; 4.000          ; Low Pulse Width  ; ntsc_clock ; Fall       ; r_reset_counter[4]     ;
; 135.682 ; 139.682      ; 4.000          ; Low Pulse Width  ; ntsc_clock ; Fall       ; r_reset_counter[5]     ;
; 135.682 ; 139.682      ; 4.000          ; Low Pulse Width  ; ntsc_clock ; Fall       ; r_reset_counter[6]     ;
; 135.682 ; 139.682      ; 4.000          ; Low Pulse Width  ; ntsc_clock ; Fall       ; r_reset_counter[7]     ;
; 135.682 ; 139.682      ; 4.000          ; Low Pulse Width  ; ntsc_clock ; Fall       ; r_reset_counter[8]     ;
; 135.682 ; 139.682      ; 4.000          ; Low Pulse Width  ; ntsc_clock ; Fall       ; r_reset_counter[9]     ;
; 135.682 ; 139.682      ; 4.000          ; Low Pulse Width  ; ntsc_clock ; Fall       ; r_resetn               ;
; 135.682 ; 139.682      ; 4.000          ; Low Pulse Width  ; ntsc_clock ; Fall       ; r_vdp_resetn           ;
; 135.682 ; 139.682      ; 4.000          ; Low Pulse Width  ; ntsc_clock ; Fall       ; r_wait                 ;
; 135.683 ; 139.683      ; 4.000          ; High Pulse Width ; ntsc_clock ; Fall       ; r_c1p9[0]              ;
; 135.683 ; 139.683      ; 4.000          ; High Pulse Width ; ntsc_clock ; Fall       ; r_c1p9[1]              ;
; 135.683 ; 139.683      ; 4.000          ; High Pulse Width ; ntsc_clock ; Fall       ; r_c1p9[2]              ;
; 135.683 ; 139.683      ; 4.000          ; High Pulse Width ; ntsc_clock ; Fall       ; r_c1p9[3]              ;
; 135.683 ; 139.683      ; 4.000          ; High Pulse Width ; ntsc_clock ; Fall       ; r_c1p9[4]              ;
; 135.683 ; 139.683      ; 4.000          ; High Pulse Width ; ntsc_clock ; Fall       ; r_c1p9[5]              ;
; 135.683 ; 139.683      ; 4.000          ; High Pulse Width ; ntsc_clock ; Fall       ; r_c1p9[6]              ;
; 135.683 ; 139.683      ; 4.000          ; High Pulse Width ; ntsc_clock ; Fall       ; r_c1p9[7]              ;
; 135.683 ; 139.683      ; 4.000          ; High Pulse Width ; ntsc_clock ; Fall       ; r_c2p9[0]              ;
; 135.683 ; 139.683      ; 4.000          ; High Pulse Width ; ntsc_clock ; Fall       ; r_c2p9[1]              ;
; 135.683 ; 139.683      ; 4.000          ; High Pulse Width ; ntsc_clock ; Fall       ; r_c2p9[2]              ;
; 135.683 ; 139.683      ; 4.000          ; High Pulse Width ; ntsc_clock ; Fall       ; r_c2p9[3]              ;
; 135.683 ; 139.683      ; 4.000          ; High Pulse Width ; ntsc_clock ; Fall       ; r_c2p9[4]              ;
; 135.683 ; 139.683      ; 4.000          ; High Pulse Width ; ntsc_clock ; Fall       ; r_c2p9[5]              ;
; 135.683 ; 139.683      ; 4.000          ; High Pulse Width ; ntsc_clock ; Fall       ; r_c2p9[6]              ;
; 135.683 ; 139.683      ; 4.000          ; High Pulse Width ; ntsc_clock ; Fall       ; r_c2p9[7]              ;
; 135.683 ; 139.683      ; 4.000          ; High Pulse Width ; ntsc_clock ; Fall       ; r_ctrl_arm             ;
; 135.683 ; 139.683      ; 4.000          ; High Pulse Width ; ntsc_clock ; Fall       ; r_ctrl_fire            ;
; 135.683 ; 139.683      ; 4.000          ; High Pulse Width ; ntsc_clock ; Fall       ; r_int_p1               ;
; 135.683 ; 139.683      ; 4.000          ; High Pulse Width ; ntsc_clock ; Fall       ; r_int_p2               ;
; 135.683 ; 139.683      ; 4.000          ; High Pulse Width ; ntsc_clock ; Fall       ; r_mono_count_int_p1[0] ;
+---------+--------------+----------------+------------------+------------+------------+------------------------+


+-----------------------------------------------------------------------+
; Setup Times                                                           ;
+-----------+------------+-------+-------+------------+-----------------+
; Data Port ; Clock Port ; Rise  ; Fall  ; Clock Edge ; Clock Reference ;
+-----------+------------+-------+-------+------------+-----------------+
; A[*]      ; ntsc_clock ; 7.000 ; 7.000 ; Fall       ; ntsc_clock      ;
;  A[5]     ; ntsc_clock ; 7.000 ; 7.000 ; Fall       ; ntsc_clock      ;
;  A[6]     ; ntsc_clock ; 7.000 ; 7.000 ; Fall       ; ntsc_clock      ;
;  A[7]     ; ntsc_clock ; 7.000 ; 7.000 ; Fall       ; ntsc_clock      ;
; C1P9      ; ntsc_clock ; 7.000 ; 7.000 ; Fall       ; ntsc_clock      ;
; C2P9      ; ntsc_clock ; 7.000 ; 7.000 ; Fall       ; ntsc_clock      ;
; IORQn     ; ntsc_clock ; 7.000 ; 7.000 ; Fall       ; ntsc_clock      ;
; M1n       ; ntsc_clock ; 7.000 ; 7.000 ; Fall       ; ntsc_clock      ;
; RESETn_SW ; ntsc_clock ; 7.000 ; 7.000 ; Fall       ; ntsc_clock      ;
; WRn       ; ntsc_clock ; 7.000 ; 7.000 ; Fall       ; ntsc_clock      ;
+-----------+------------+-------+-------+------------+-----------------+


+-------------------------------------------------------------------------+
; Hold Times                                                              ;
+-----------+------------+--------+--------+------------+-----------------+
; Data Port ; Clock Port ; Rise   ; Fall   ; Clock Edge ; Clock Reference ;
+-----------+------------+--------+--------+------------+-----------------+
; A[*]      ; ntsc_clock ; -2.000 ; -2.000 ; Fall       ; ntsc_clock      ;
;  A[5]     ; ntsc_clock ; -2.000 ; -2.000 ; Fall       ; ntsc_clock      ;
;  A[6]     ; ntsc_clock ; -2.000 ; -2.000 ; Fall       ; ntsc_clock      ;
;  A[7]     ; ntsc_clock ; -2.000 ; -2.000 ; Fall       ; ntsc_clock      ;
; C1P9      ; ntsc_clock ; -2.000 ; -2.000 ; Fall       ; ntsc_clock      ;
; C2P9      ; ntsc_clock ; -2.000 ; -2.000 ; Fall       ; ntsc_clock      ;
; IORQn     ; ntsc_clock ; -2.000 ; -2.000 ; Fall       ; ntsc_clock      ;
; M1n       ; ntsc_clock ; -2.000 ; -2.000 ; Fall       ; ntsc_clock      ;
; RESETn_SW ; ntsc_clock ; -2.000 ; -2.000 ; Fall       ; ntsc_clock      ;
; WRn       ; ntsc_clock ; -2.000 ; -2.000 ; Fall       ; ntsc_clock      ;
+-----------+------------+--------+--------+------------+-----------------+


+--------------------------------------------------------------------------+
; Clock to Output Times                                                    ;
+------------+------------+--------+--------+------------+-----------------+
; Data Port  ; Clock Port ; Rise   ; Fall   ; Clock Edge ; Clock Reference ;
+------------+------------+--------+--------+------------+-----------------+
; CP5_ARM    ; ntsc_clock ; 9.000  ; 9.000  ; Fall       ; ntsc_clock      ;
; CP8_FIRE   ; ntsc_clock ; 9.000  ; 9.000  ; Fall       ; ntsc_clock      ;
; D[*]       ; ntsc_clock ; 25.000 ; 25.000 ; Fall       ; ntsc_clock      ;
;  D[4]      ; ntsc_clock ; 17.000 ; 17.000 ; Fall       ; ntsc_clock      ;
;  D[7]      ; ntsc_clock ; 25.000 ; 25.000 ; Fall       ; ntsc_clock      ;
; INTn       ; ntsc_clock ; 17.000 ; 17.000 ; Fall       ; ntsc_clock      ;
; RESETn     ; ntsc_clock ; 9.000  ; 9.000  ; Fall       ; ntsc_clock      ;
; VDP_RESETn ; ntsc_clock ; 9.000  ; 9.000  ; Fall       ; ntsc_clock      ;
; WAITn      ; ntsc_clock ; 13.000 ; 13.000 ; Fall       ; ntsc_clock      ;
+------------+------------+--------+--------+------------+-----------------+


+--------------------------------------------------------------------------+
; Minimum Clock to Output Times                                            ;
+------------+------------+--------+--------+------------+-----------------+
; Data Port  ; Clock Port ; Rise   ; Fall   ; Clock Edge ; Clock Reference ;
+------------+------------+--------+--------+------------+-----------------+
; CP5_ARM    ; ntsc_clock ; 9.000  ; 9.000  ; Fall       ; ntsc_clock      ;
; CP8_FIRE   ; ntsc_clock ; 9.000  ; 9.000  ; Fall       ; ntsc_clock      ;
; D[*]       ; ntsc_clock ; 17.000 ; 17.000 ; Fall       ; ntsc_clock      ;
;  D[4]      ; ntsc_clock ; 17.000 ; 17.000 ; Fall       ; ntsc_clock      ;
;  D[7]      ; ntsc_clock ; 25.000 ; 25.000 ; Fall       ; ntsc_clock      ;
; INTn       ; ntsc_clock ; 17.000 ; 17.000 ; Fall       ; ntsc_clock      ;
; RESETn     ; ntsc_clock ; 9.000  ; 9.000  ; Fall       ; ntsc_clock      ;
; VDP_RESETn ; ntsc_clock ; 9.000  ; 9.000  ; Fall       ; ntsc_clock      ;
; WAITn      ; ntsc_clock ; 13.000 ; 13.000 ; Fall       ; ntsc_clock      ;
+------------+------------+--------+--------+------------+-----------------+


+--------------------------------------------------------------+
; Propagation Delay                                            ;
+------------+-------------+--------+--------+--------+--------+
; Input Port ; Output Port ; RR     ; RF     ; FR     ; FF     ;
+------------+-------------+--------+--------+--------+--------+
; A[1]       ; D[0]        ; 14.000 ; 14.000 ; 14.000 ; 14.000 ;
; A[1]       ; D[1]        ; 14.000 ; 14.000 ; 14.000 ; 14.000 ;
; A[1]       ; D[2]        ; 14.000 ; 14.000 ; 14.000 ; 14.000 ;
; A[1]       ; D[3]        ; 14.000 ; 14.000 ; 14.000 ; 14.000 ;
; A[1]       ; D[4]        ; 14.000 ; 14.000 ; 14.000 ; 14.000 ;
; A[1]       ; D[5]        ; 14.000 ; 14.000 ; 14.000 ; 14.000 ;
; A[1]       ; D[6]        ; 14.000 ; 14.000 ; 14.000 ; 14.000 ;
; A[1]       ; D[7]        ; 14.000 ; 14.000 ; 14.000 ; 14.000 ;
; A[5]       ; CSRn        ; 14.000 ;        ;        ; 14.000 ;
; A[5]       ; CSWn        ; 14.000 ;        ;        ; 14.000 ;
; A[5]       ; D[0]        ; 20.500 ;        ;        ; 20.500 ;
; A[5]       ; D[1]        ; 20.500 ;        ;        ; 20.500 ;
; A[5]       ; D[2]        ; 20.500 ;        ;        ; 20.500 ;
; A[5]       ; D[3]        ; 20.500 ;        ;        ; 20.500 ;
; A[5]       ; D[4]        ; 20.500 ;        ;        ; 20.500 ;
; A[5]       ; D[5]        ; 20.500 ;        ;        ; 20.500 ;
; A[5]       ; D[6]        ; 20.500 ;        ;        ; 20.500 ;
; A[5]       ; D[7]        ; 20.500 ;        ;        ; 20.500 ;
; A[5]       ; SND_ENABLEn ; 14.000 ;        ;        ; 14.000 ;
; A[6]       ; CSRn        ;        ; 14.000 ; 14.000 ;        ;
; A[6]       ; CSWn        ;        ; 14.000 ; 14.000 ;        ;
; A[6]       ; D[0]        ; 20.500 ;        ;        ; 20.500 ;
; A[6]       ; D[1]        ; 20.500 ;        ;        ; 20.500 ;
; A[6]       ; D[2]        ; 20.500 ;        ;        ; 20.500 ;
; A[6]       ; D[3]        ; 20.500 ;        ;        ; 20.500 ;
; A[6]       ; D[4]        ; 20.500 ;        ;        ; 20.500 ;
; A[6]       ; D[5]        ; 20.500 ;        ;        ; 20.500 ;
; A[6]       ; D[6]        ; 20.500 ;        ;        ; 20.500 ;
; A[6]       ; D[7]        ; 20.500 ;        ;        ; 20.500 ;
; A[6]       ; SND_ENABLEn ; 14.000 ;        ;        ; 14.000 ;
; A[7]       ; CSRn        ; 14.000 ;        ;        ; 14.000 ;
; A[7]       ; CSWn        ; 14.000 ;        ;        ; 14.000 ;
; A[7]       ; D[0]        ; 20.500 ;        ;        ; 20.500 ;
; A[7]       ; D[1]        ; 20.500 ;        ;        ; 20.500 ;
; A[7]       ; D[2]        ; 20.500 ;        ;        ; 20.500 ;
; A[7]       ; D[3]        ; 20.500 ;        ;        ; 20.500 ;
; A[7]       ; D[4]        ; 20.500 ;        ;        ; 20.500 ;
; A[7]       ; D[5]        ; 20.500 ;        ;        ; 20.500 ;
; A[7]       ; D[6]        ; 20.500 ;        ;        ; 20.500 ;
; A[7]       ; D[7]        ; 20.500 ;        ;        ; 20.500 ;
; A[7]       ; SND_ENABLEn ; 14.000 ;        ;        ; 14.000 ;
; A[13]      ; CS_h8000n   ;        ; 14.000 ; 14.000 ;        ;
; A[13]      ; CS_hA000n   ; 14.000 ;        ;        ; 14.000 ;
; A[13]      ; CS_hC000n   ;        ; 14.000 ; 14.000 ;        ;
; A[13]      ; CS_hE000n   ; 14.000 ;        ;        ; 14.000 ;
; A[13]      ; RAM_CSn     ; 14.000 ;        ;        ; 14.000 ;
; A[13]      ; RAM_OEn     ; 14.000 ;        ;        ; 14.000 ;
; A[13]      ; ROM_ENABLEn ;        ; 14.000 ; 14.000 ;        ;
; A[14]      ; CS_h8000n   ;        ; 14.000 ; 14.000 ;        ;
; A[14]      ; CS_hA000n   ;        ; 14.000 ; 14.000 ;        ;
; A[14]      ; CS_hC000n   ; 14.000 ;        ;        ; 14.000 ;
; A[14]      ; CS_hE000n   ; 14.000 ;        ;        ; 14.000 ;
; A[14]      ; RAM_CSn     ; 14.000 ;        ;        ; 14.000 ;
; A[14]      ; RAM_OEn     ; 14.000 ;        ;        ; 14.000 ;
; A[14]      ; ROM_ENABLEn ;        ; 14.000 ; 14.000 ;        ;
; A[15]      ; CS_h8000n   ; 14.000 ;        ;        ; 14.000 ;
; A[15]      ; CS_hA000n   ; 14.000 ;        ;        ; 14.000 ;
; A[15]      ; CS_hC000n   ; 14.000 ;        ;        ; 14.000 ;
; A[15]      ; CS_hE000n   ; 14.000 ;        ;        ; 14.000 ;
; A[15]      ; RAM_CSn     ;        ; 14.000 ; 14.000 ;        ;
; A[15]      ; RAM_OEn     ;        ; 14.000 ; 14.000 ;        ;
; A[15]      ; ROM_ENABLEn ;        ; 14.000 ; 14.000 ;        ;
; C1P1       ; D[0]        ;        ; 14.000 ; 14.000 ;        ;
; C1P2       ; D[2]        ;        ; 14.000 ; 14.000 ;        ;
; C1P3       ; D[3]        ;        ; 14.000 ; 14.000 ;        ;
; C1P4       ; D[1]        ;        ; 14.000 ; 14.000 ;        ;
; C1P6       ; D[6]        ;        ; 14.000 ; 14.000 ;        ;
; C1P7       ; D[5]        ;        ; 14.000 ; 14.000 ;        ;
; C2P1       ; D[0]        ;        ; 14.000 ; 14.000 ;        ;
; C2P2       ; D[2]        ;        ; 14.000 ; 14.000 ;        ;
; C2P3       ; D[3]        ;        ; 14.000 ; 14.000 ;        ;
; C2P4       ; D[1]        ;        ; 14.000 ; 14.000 ;        ;
; C2P6       ; D[6]        ;        ; 14.000 ; 14.000 ;        ;
; C2P7       ; D[5]        ;        ; 14.000 ; 14.000 ;        ;
; IORQn      ; CSRn        ;        ; 14.000 ; 14.000 ;        ;
; IORQn      ; CSWn        ;        ; 14.000 ; 14.000 ;        ;
; IORQn      ; D[0]        ;        ; 20.500 ; 20.500 ;        ;
; IORQn      ; D[1]        ;        ; 20.500 ; 20.500 ;        ;
; IORQn      ; D[2]        ;        ; 20.500 ; 20.500 ;        ;
; IORQn      ; D[3]        ;        ; 20.500 ; 20.500 ;        ;
; IORQn      ; D[4]        ;        ; 20.500 ; 20.500 ;        ;
; IORQn      ; D[5]        ;        ; 20.500 ; 20.500 ;        ;
; IORQn      ; D[6]        ;        ; 20.500 ; 20.500 ;        ;
; IORQn      ; D[7]        ;        ; 20.500 ; 20.500 ;        ;
; IORQn      ; SND_ENABLEn ;        ; 14.000 ; 14.000 ;        ;
; MREQn      ; CS_h8000n   ;        ; 14.000 ; 14.000 ;        ;
; MREQn      ; CS_hA000n   ;        ; 14.000 ; 14.000 ;        ;
; MREQn      ; CS_hC000n   ;        ; 14.000 ; 14.000 ;        ;
; MREQn      ; CS_hE000n   ;        ; 14.000 ; 14.000 ;        ;
; MREQn      ; RAM_CSn     ;        ; 14.000 ; 14.000 ;        ;
; MREQn      ; RAM_OEn     ;        ; 14.000 ; 14.000 ;        ;
; MREQn      ; ROM_ENABLEn ;        ; 14.000 ; 14.000 ;        ;
; RDn        ; RAM_OEn     ;        ; 14.000 ; 14.000 ;        ;
; RFSHn      ; CS_h8000n   ; 14.000 ;        ;        ; 14.000 ;
; RFSHn      ; CS_hA000n   ; 14.000 ;        ;        ; 14.000 ;
; RFSHn      ; CS_hC000n   ; 14.000 ;        ;        ; 14.000 ;
; RFSHn      ; CS_hE000n   ; 14.000 ;        ;        ; 14.000 ;
; RFSHn      ; RAM_CSn     ; 14.000 ;        ;        ; 14.000 ;
; RFSHn      ; RAM_OEn     ; 14.000 ;        ;        ; 14.000 ;
; RFSHn      ; ROM_ENABLEn ; 14.000 ;        ;        ; 14.000 ;
; WRn        ; CSRn        ; 14.000 ;        ;        ; 14.000 ;
; WRn        ; CSWn        ;        ; 14.000 ; 14.000 ;        ;
; WRn        ; D[0]        ; 20.500 ;        ;        ; 20.500 ;
; WRn        ; D[1]        ; 20.500 ;        ;        ; 20.500 ;
; WRn        ; D[2]        ; 20.500 ;        ;        ; 20.500 ;
; WRn        ; D[3]        ; 20.500 ;        ;        ; 20.500 ;
; WRn        ; D[4]        ; 20.500 ;        ;        ; 20.500 ;
; WRn        ; D[5]        ; 20.500 ;        ;        ; 20.500 ;
; WRn        ; D[6]        ; 20.500 ;        ;        ; 20.500 ;
; WRn        ; D[7]        ; 20.500 ;        ;        ; 20.500 ;
; WRn        ; SND_ENABLEn ;        ; 14.000 ; 14.000 ;        ;
+------------+-------------+--------+--------+--------+--------+


+--------------------------------------------------------------+
; Minimum Propagation Delay                                    ;
+------------+-------------+--------+--------+--------+--------+
; Input Port ; Output Port ; RR     ; RF     ; FR     ; FF     ;
+------------+-------------+--------+--------+--------+--------+
; A[1]       ; D[0]        ; 14.000 ; 14.000 ; 14.000 ; 14.000 ;
; A[1]       ; D[1]        ; 14.000 ; 14.000 ; 14.000 ; 14.000 ;
; A[1]       ; D[2]        ; 14.000 ; 14.000 ; 14.000 ; 14.000 ;
; A[1]       ; D[3]        ; 14.000 ; 14.000 ; 14.000 ; 14.000 ;
; A[1]       ; D[4]        ; 14.000 ; 14.000 ; 14.000 ; 14.000 ;
; A[1]       ; D[5]        ; 14.000 ; 14.000 ; 14.000 ; 14.000 ;
; A[1]       ; D[6]        ; 14.000 ; 14.000 ; 14.000 ; 14.000 ;
; A[1]       ; D[7]        ; 14.000 ; 14.000 ; 14.000 ; 14.000 ;
; A[5]       ; CSRn        ; 14.000 ;        ;        ; 14.000 ;
; A[5]       ; CSWn        ; 14.000 ;        ;        ; 14.000 ;
; A[5]       ; D[0]        ; 14.000 ;        ;        ; 14.000 ;
; A[5]       ; D[1]        ; 14.000 ;        ;        ; 14.000 ;
; A[5]       ; D[2]        ; 14.000 ;        ;        ; 14.000 ;
; A[5]       ; D[3]        ; 14.000 ;        ;        ; 14.000 ;
; A[5]       ; D[4]        ; 14.000 ;        ;        ; 14.000 ;
; A[5]       ; D[5]        ; 14.000 ;        ;        ; 14.000 ;
; A[5]       ; D[6]        ; 14.000 ;        ;        ; 14.000 ;
; A[5]       ; D[7]        ; 14.000 ;        ;        ; 14.000 ;
; A[5]       ; SND_ENABLEn ; 14.000 ;        ;        ; 14.000 ;
; A[6]       ; CSRn        ;        ; 14.000 ; 14.000 ;        ;
; A[6]       ; CSWn        ;        ; 14.000 ; 14.000 ;        ;
; A[6]       ; D[0]        ; 14.000 ;        ;        ; 14.000 ;
; A[6]       ; D[1]        ; 14.000 ;        ;        ; 14.000 ;
; A[6]       ; D[2]        ; 14.000 ;        ;        ; 14.000 ;
; A[6]       ; D[3]        ; 14.000 ;        ;        ; 14.000 ;
; A[6]       ; D[4]        ; 14.000 ;        ;        ; 14.000 ;
; A[6]       ; D[5]        ; 14.000 ;        ;        ; 14.000 ;
; A[6]       ; D[6]        ; 14.000 ;        ;        ; 14.000 ;
; A[6]       ; D[7]        ; 14.000 ;        ;        ; 14.000 ;
; A[6]       ; SND_ENABLEn ; 14.000 ;        ;        ; 14.000 ;
; A[7]       ; CSRn        ; 14.000 ;        ;        ; 14.000 ;
; A[7]       ; CSWn        ; 14.000 ;        ;        ; 14.000 ;
; A[7]       ; D[0]        ; 14.000 ;        ;        ; 14.000 ;
; A[7]       ; D[1]        ; 14.000 ;        ;        ; 14.000 ;
; A[7]       ; D[2]        ; 14.000 ;        ;        ; 14.000 ;
; A[7]       ; D[3]        ; 14.000 ;        ;        ; 14.000 ;
; A[7]       ; D[4]        ; 14.000 ;        ;        ; 14.000 ;
; A[7]       ; D[5]        ; 14.000 ;        ;        ; 14.000 ;
; A[7]       ; D[6]        ; 14.000 ;        ;        ; 14.000 ;
; A[7]       ; D[7]        ; 14.000 ;        ;        ; 14.000 ;
; A[7]       ; SND_ENABLEn ; 14.000 ;        ;        ; 14.000 ;
; A[13]      ; CS_h8000n   ;        ; 14.000 ; 14.000 ;        ;
; A[13]      ; CS_hA000n   ; 14.000 ;        ;        ; 14.000 ;
; A[13]      ; CS_hC000n   ;        ; 14.000 ; 14.000 ;        ;
; A[13]      ; CS_hE000n   ; 14.000 ;        ;        ; 14.000 ;
; A[13]      ; RAM_CSn     ; 14.000 ;        ;        ; 14.000 ;
; A[13]      ; RAM_OEn     ; 14.000 ;        ;        ; 14.000 ;
; A[13]      ; ROM_ENABLEn ;        ; 14.000 ; 14.000 ;        ;
; A[14]      ; CS_h8000n   ;        ; 14.000 ; 14.000 ;        ;
; A[14]      ; CS_hA000n   ;        ; 14.000 ; 14.000 ;        ;
; A[14]      ; CS_hC000n   ; 14.000 ;        ;        ; 14.000 ;
; A[14]      ; CS_hE000n   ; 14.000 ;        ;        ; 14.000 ;
; A[14]      ; RAM_CSn     ; 14.000 ;        ;        ; 14.000 ;
; A[14]      ; RAM_OEn     ; 14.000 ;        ;        ; 14.000 ;
; A[14]      ; ROM_ENABLEn ;        ; 14.000 ; 14.000 ;        ;
; A[15]      ; CS_h8000n   ; 14.000 ;        ;        ; 14.000 ;
; A[15]      ; CS_hA000n   ; 14.000 ;        ;        ; 14.000 ;
; A[15]      ; CS_hC000n   ; 14.000 ;        ;        ; 14.000 ;
; A[15]      ; CS_hE000n   ; 14.000 ;        ;        ; 14.000 ;
; A[15]      ; RAM_CSn     ;        ; 14.000 ; 14.000 ;        ;
; A[15]      ; RAM_OEn     ;        ; 14.000 ; 14.000 ;        ;
; A[15]      ; ROM_ENABLEn ;        ; 14.000 ; 14.000 ;        ;
; C1P1       ; D[0]        ;        ; 14.000 ; 14.000 ;        ;
; C1P2       ; D[2]        ;        ; 14.000 ; 14.000 ;        ;
; C1P3       ; D[3]        ;        ; 14.000 ; 14.000 ;        ;
; C1P4       ; D[1]        ;        ; 14.000 ; 14.000 ;        ;
; C1P6       ; D[6]        ;        ; 14.000 ; 14.000 ;        ;
; C1P7       ; D[5]        ;        ; 14.000 ; 14.000 ;        ;
; C2P1       ; D[0]        ;        ; 14.000 ; 14.000 ;        ;
; C2P2       ; D[2]        ;        ; 14.000 ; 14.000 ;        ;
; C2P3       ; D[3]        ;        ; 14.000 ; 14.000 ;        ;
; C2P4       ; D[1]        ;        ; 14.000 ; 14.000 ;        ;
; C2P6       ; D[6]        ;        ; 14.000 ; 14.000 ;        ;
; C2P7       ; D[5]        ;        ; 14.000 ; 14.000 ;        ;
; IORQn      ; CSRn        ;        ; 14.000 ; 14.000 ;        ;
; IORQn      ; CSWn        ;        ; 14.000 ; 14.000 ;        ;
; IORQn      ; D[0]        ;        ; 14.000 ; 14.000 ;        ;
; IORQn      ; D[1]        ;        ; 14.000 ; 14.000 ;        ;
; IORQn      ; D[2]        ;        ; 14.000 ; 14.000 ;        ;
; IORQn      ; D[3]        ;        ; 14.000 ; 14.000 ;        ;
; IORQn      ; D[4]        ;        ; 14.000 ; 14.000 ;        ;
; IORQn      ; D[5]        ;        ; 14.000 ; 14.000 ;        ;
; IORQn      ; D[6]        ;        ; 14.000 ; 14.000 ;        ;
; IORQn      ; D[7]        ;        ; 14.000 ; 14.000 ;        ;
; IORQn      ; SND_ENABLEn ;        ; 14.000 ; 14.000 ;        ;
; MREQn      ; CS_h8000n   ;        ; 14.000 ; 14.000 ;        ;
; MREQn      ; CS_hA000n   ;        ; 14.000 ; 14.000 ;        ;
; MREQn      ; CS_hC000n   ;        ; 14.000 ; 14.000 ;        ;
; MREQn      ; CS_hE000n   ;        ; 14.000 ; 14.000 ;        ;
; MREQn      ; RAM_CSn     ;        ; 14.000 ; 14.000 ;        ;
; MREQn      ; RAM_OEn     ;        ; 14.000 ; 14.000 ;        ;
; MREQn      ; ROM_ENABLEn ;        ; 14.000 ; 14.000 ;        ;
; RDn        ; RAM_OEn     ;        ; 14.000 ; 14.000 ;        ;
; RFSHn      ; CS_h8000n   ; 14.000 ;        ;        ; 14.000 ;
; RFSHn      ; CS_hA000n   ; 14.000 ;        ;        ; 14.000 ;
; RFSHn      ; CS_hC000n   ; 14.000 ;        ;        ; 14.000 ;
; RFSHn      ; CS_hE000n   ; 14.000 ;        ;        ; 14.000 ;
; RFSHn      ; RAM_CSn     ; 14.000 ;        ;        ; 14.000 ;
; RFSHn      ; RAM_OEn     ; 14.000 ;        ;        ; 14.000 ;
; RFSHn      ; ROM_ENABLEn ; 14.000 ;        ;        ; 14.000 ;
; WRn        ; CSRn        ; 14.000 ;        ;        ; 14.000 ;
; WRn        ; CSWn        ;        ; 14.000 ; 14.000 ;        ;
; WRn        ; D[0]        ; 14.000 ;        ;        ; 14.000 ;
; WRn        ; D[1]        ; 14.000 ;        ;        ; 14.000 ;
; WRn        ; D[2]        ; 14.000 ;        ;        ; 14.000 ;
; WRn        ; D[3]        ; 14.000 ;        ;        ; 14.000 ;
; WRn        ; D[4]        ; 14.000 ;        ;        ; 14.000 ;
; WRn        ; D[5]        ; 14.000 ;        ;        ; 14.000 ;
; WRn        ; D[6]        ; 14.000 ;        ;        ; 14.000 ;
; WRn        ; D[7]        ; 14.000 ;        ;        ; 14.000 ;
; WRn        ; SND_ENABLEn ;        ; 14.000 ; 14.000 ;        ;
+------------+-------------+--------+--------+--------+--------+


+---------------------------------------------------------------------+
; Setup Transfers                                                     ;
+------------+------------+----------+----------+----------+----------+
; From Clock ; To Clock   ; RR Paths ; FR Paths ; RF Paths ; FF Paths ;
+------------+------------+----------+----------+----------+----------+
; ntsc_clock ; ntsc_clock ; 199      ; 29       ; 57       ; 2032     ;
+------------+------------+----------+----------+----------+----------+
Entries labeled "false path" only account for clock-to-clock false paths and not path-based false paths. As a result, actual path counts may be lower than reported.


+---------------------------------------------------------------------+
; Hold Transfers                                                      ;
+------------+------------+----------+----------+----------+----------+
; From Clock ; To Clock   ; RR Paths ; FR Paths ; RF Paths ; FF Paths ;
+------------+------------+----------+----------+----------+----------+
; ntsc_clock ; ntsc_clock ; 199      ; 29       ; 57       ; 2032     ;
+------------+------------+----------+----------+----------+----------+
Entries labeled "false path" only account for clock-to-clock false paths and not path-based false paths. As a result, actual path counts may be lower than reported.


---------------
; Report TCCS ;
---------------
No dedicated SERDES Transmitter circuitry present in device or used in design


---------------
; Report RSKM ;
---------------
No dedicated SERDES Receiver circuitry present in device or used in design


+------------------------------------------------+
; Unconstrained Paths                            ;
+---------------------------------+-------+------+
; Property                        ; Setup ; Hold ;
+---------------------------------+-------+------+
; Illegal Clocks                  ; 0     ; 0    ;
; Unconstrained Clocks            ; 0     ; 0    ;
; Unconstrained Input Ports       ; 0     ; 0    ;
; Unconstrained Input Port Paths  ; 0     ; 0    ;
; Unconstrained Output Ports      ; 0     ; 0    ;
; Unconstrained Output Port Paths ; 0     ; 0    ;
+---------------------------------+-------+------+


+------------------------------------+
; TimeQuest Timing Analyzer Messages ;
+------------------------------------+
Info: *******************************************************************
Info: Running Quartus II 64-Bit TimeQuest Timing Analyzer
    Info: Version 13.0.1 Build 232 06/12/2013 Service Pack 1 SJ Web Edition
    Info: Processing started: Sun Mar 24 09:47:19 2024
Info: Command: quartus_sta portable_coleco -c portable_coleco
Info: qsta_default_script.tcl version: #1
Warning (20028): Parallel compilation is not licensed and has been disabled
Info (306004): Started post-fitting delay annotation
Info (306005): Delay annotation completed successfully
Warning (335095): TimeQuest Timing Analyzer does not support the analysis of latches as synchronous elements for the currently selected device family.
Info (332104): Reading SDC File: '../portable_coleco/constr/porta_glue_coleco.sdc'
Warning (332174): Ignored filter at porta_glue_coleco.sdc(55): BUSAKn could not be matched with a port
Warning (332049): Ignored set_input_delay at porta_glue_coleco.sdc(55): Argument <targets> is an empty collection
    Info (332050): set_input_delay -clock "ntsc_clock" 55.000ns [get_ports {BUSAKn}]
Info: Found TIMEQUEST_REPORT_SCRIPT_INCLUDE_DEFAULT_ANALYSIS = ON
Info (332146): Worst-case setup slack is 14.683
    Info (332119):     Slack End Point TNS Clock 
    Info (332119): ========= ============= =====================
    Info (332119):    14.683         0.000 ntsc_clock 
Info (332146): Worst-case hold slack is 5.000
    Info (332119):     Slack End Point TNS Clock 
    Info (332119): ========= ============= =====================
    Info (332119):     5.000         0.000 ntsc_clock 
Info (332140): No Recovery paths to report
Info (332140): No Removal paths to report
Info (332146): Worst-case minimum pulse width slack is 135.682
    Info (332119):     Slack End Point TNS Clock 
    Info (332119): ========= ============= =====================
    Info (332119):   135.682         0.000 ntsc_clock 
Info (332001): The selected device family is not supported by the report_metastability command.
Info (332101): Design is fully constrained for setup requirements
Info (332101): Design is fully constrained for hold requirements
Info: Quartus II 64-Bit TimeQuest Timing Analyzer was successful. 0 errors, 4 warnings
    Info: Peak virtual memory: 454 megabytes
    Info: Processing ended: Sun Mar 24 09:47:19 2024
    Info: Elapsed time: 00:00:00
    Info: Total CPU time (on all processors): 00:00:00


